$ cd /workspace/shadcn-ui
$ cd /workspace/shadcn-ui && pnpm add framer-motion lucide-react

Progress: resolved 0, reused 1, downloaded 0, added 0
Progress: resolved 261, reused 261, downloaded 0, added 0
 WARN  1 deprecated subdependencies found: rollup-plugin-terser@7.0.2
Already up to date
Progress: resolved 501, reused 427, downloaded 0, added 0, done

Done in 3.4s
$ cd /workspace/shadcn-ui && pnpm run lint && pnpm run build


> shadcnui@ lint /workspace/shadcn-ui
> eslint --quiet ./src


> shadcnui@ build /workspace/shadcn-ui
> vite build

vite v5.4.19 building for production...
transforming...
✓ 2029 modules transformed.
rendering chunks...
computing gzip size...
dist/index.html                   1.20 kB │ gzip:   0.58 kB
dist/assets/index-DtbufFdj.css   69.84 kB │ gzip:  12.14 kB
dist/assets/index-D6u5xC85.js   486.71 kB │ gzip: 151.49 kB
✓ built in 4.84s
$ cd /workspace/shadcn-ui && pnpm run lint && pnpm run build


> shadcnui@ lint /workspace/shadcn-ui
> eslint --quiet ./src


/workspace/shadcn-ui/src/pages/Whitepaper.tsx
  248:59  error  Unexpected any. Specify a different type  @typescript-eslint/no-explicit-any
  282:47  error  Unexpected any. Specify a different type  @typescript-eslint/no-explicit-any
  294:48  error  Unexpected any. Specify a different type  @typescript-eslint/no-explicit-any
  321:46  error  Unexpected any. Specify a different type  @typescript-eslint/no-explicit-any
  346:42  error  Unexpected any. Specify a different type  @typescript-eslint/no-explicit-any
  359:43  error  Unexpected any. Specify a different type  @typescript-eslint/no-explicit-any

✖ 6 problems (6 errors, 0 warnings)

 ELIFECYCLE  Command failed with exit code 1.
$ cd /workspace/shadcn-ui && pnpm run lint && pnpm run build


> shadcnui@ lint /workspace/shadcn-ui
> eslint --quiet ./src


> shadcnui@ build /workspace/shadcn-ui
> vite build

vite v5.4.19 building for production...
transforming...
✓ 2030 modules transformed.
rendering chunks...
computing gzip size...
dist/index.html                   1.20 kB │ gzip:   0.58 kB
dist/assets/index-CJnoK-fi.css   70.21 kB │ gzip:  12.21 kB
dist/assets/index-DVX-IRKn.js   504.46 kB │ gzip: 155.68 kB

(!) Some chunks are larger than 500 kB after minification. Consider:
- Using dynamic import() to code-split the application
- Use build.rollupOptions.output.manualChunks to improve chunking: https://rollupjs.org/configuration-options/#output-manualchunks
- Adjust chunk size limit for this warning via build.chunkSizeWarningLimit.
✓ built in 5.45s
$ cd /workspace/shadcn-ui && pnpm add jspdf html2canvas

Progress: resolved 1, reused 0, downloaded 0, added 0
Progress: resolved 61, reused 59, downloaded 0, added 0
Progress: resolved 511, reused 423, downloaded 5, added 0
 WARN  1 deprecated subdependencies found: rollup-plugin-terser@7.0.2
Packages: +22
++++++++++++++++++++++
Progress: resolved 523, reused 427, downloaded 21, added 19
Progress: resolved 523, reused 427, downloaded 21, added 21
Progress: resolved 523, reused 427, downloaded 22, added 21
Progress: resolved 523, reused 427, downloaded 22, added 22
Progress: resolved 523, reused 427, downloaded 22, added 22, done
.../core-js@3.46.0/node_modules/core-js postinstall$ node -e "try{require('./postinstall')}catch(e){}"
.../core-js@3.46.0/node_modules/core-js postinstall: Thank you for using core-js ( https://github.com/zloirock/core-js ) for polyfilling JavaScript standard library!
.../core-js@3.46.0/node_modules/core-js postinstall: The project needs your help! Please consider supporting core-js:
.../core-js@3.46.0/node_modules/core-js postinstall: > https://opencollective.com/core-js 
.../core-js@3.46.0/node_modules/core-js postinstall: > https://patreon.com/zloirock 
.../core-js@3.46.0/node_modules/core-js postinstall: > https://boosty.to/zloirock 
.../core-js@3.46.0/node_modules/core-js postinstall: > bitcoin: bc1qlea7544qtsmj2rayg0lthvza9fau63ux0fstcz 
.../core-js@3.46.0/node_modules/core-js postinstall: I highly recommend reading this: https://github.com/zloirock/core-js/blob/master/docs/2023-02-14-so-whats-next.md 
.../core-js@3.46.0/node_modules/core-js postinstall: Done

dependencies:
+ html2canvas 1.4.1
+ jspdf 3.0.3

Done in 17.5s
$ cd /workspace/shadcn-ui && pnpm run lint && pnpm run build


> shadcnui@ lint /workspace/shadcn-ui
> eslint --quiet ./src


> shadcnui@ build /workspace/shadcn-ui
> vite build

vite v5.4.19 building for production...
transforming...
✓ 2413 modules transformed.
rendering chunks...
computing gzip size...
dist/index.html                        1.20 kB │ gzip:   0.58 kB
dist/assets/index-CJnoK-fi.css        70.21 kB │ gzip:  12.21 kB
dist/assets/purify.es-B6FQ9oRL.js     22.57 kB │ gzip:   8.74 kB
dist/assets/index.es-DijoCMJP.js     150.45 kB │ gzip:  51.42 kB
dist/assets/index-B7M5CnJx.js      1,097.17 kB │ gzip: 334.19 kB

(!) Some chunks are larger than 500 kB after minification. Consider:
- Using dynamic import() to code-split the application
- Use build.rollupOptions.output.manualChunks to improve chunking: https://rollupjs.org/configuration-options/#output-manualchunks
- Adjust chunk size limit for this warning via build.chunkSizeWarningLimit.
✓ built in 7.68s
$ cd /workspace/shadcn-ui && pnpm run lint && pnpm run build


> shadcnui@ lint /workspace/shadcn-ui
> eslint --quiet ./src


> shadcnui@ build /workspace/shadcn-ui
> vite build

vite v5.4.19 building for production...
transforming...
✓ 2414 modules transformed.
rendering chunks...
computing gzip size...
dist/index.html                            1.20 kB │ gzip:   0.59 kB
dist/assets/index-CJnoK-fi.css            70.21 kB │ gzip:  12.21 kB
dist/assets/purify.es-B6FQ9oRL.js         22.57 kB │ gzip:   8.74 kB
dist/assets/index.es-Z8Hegpxt.js         150.45 kB │ gzip:  51.41 kB
dist/assets/html2canvas.esm-CBrSDip1.js  201.42 kB │ gzip:  48.03 kB
dist/assets/index-lLyZzBfN.js            904.81 kB │ gzip: 287.26 kB

(!) Some chunks are larger than 500 kB after minification. Consider:
- Using dynamic import() to code-split the application
- Use build.rollupOptions.output.manualChunks to improve chunking: https://rollupjs.org/configuration-options/#output-manualchunks
- Adjust chunk size limit for this warning via build.chunkSizeWarningLimit.
✓ built in 7.61s
$ cd /workspace/shadcn-ui && rm -f src/utils/generatePDF.ts && pnpm remove jspdf html2canvas && pnpm run lint && pnpm run build

Progress: resolved 0, reused 1, downloaded 0, added 0
Progress: resolved 220, reused 220, downloaded 0, added 0
 WARN  1 deprecated subdependencies found: rollup-plugin-terser@7.0.2
Packages: -22
----------------------
Progress: resolved 501, reused 427, downloaded 0, added 0, done

dependencies:
- html2canvas 1.4.1
- jspdf 3.0.3

Done in 3.2s

> shadcnui@ lint /workspace/shadcn-ui
> eslint --quiet ./src


> shadcnui@ build /workspace/shadcn-ui
> vite build

vite v5.4.19 building for production...
transforming...
✓ 2030 modules transformed.
rendering chunks...
computing gzip size...
dist/index.html                   1.20 kB │ gzip:   0.58 kB
dist/assets/index-CJnoK-fi.css   70.21 kB │ gzip:  12.21 kB
dist/assets/index-BcG8HRil.js   503.29 kB │ gzip: 155.54 kB

(!) Some chunks are larger than 500 kB after minification. Consider:
- Using dynamic import() to code-split the application
- Use build.rollupOptions.output.manualChunks to improve chunking: https://rollupjs.org/configuration-options/#output-manualchunks
- Adjust chunk size limit for this warning via build.chunkSizeWarningLimit.
✓ built in 4.63s
